HT073_1479214910_1163250284379919.png.fuse,HT073_1479214910_part_00000
