1163250284379919_1163250306106648_pred.png,HT073_1479214910_1163250284379919.png.fuse
